// Jest Snapshot v1, https://goo.gl/fbAQLP

exports[`AreaChart Snapshots renders default chart 1`] = `
<DocumentFragment>
  <svg
    class="smolitux-area-chart smolitux-area-chart"
    height="300"
    role="img"
    tabindex="0"
    viewBox="0 0 1000 563"
    width="100%"
  >
    <rect
      fill="#F9FAFB"
      height="230"
      stroke="#E5E7EB"
      stroke-width="1"
      width="0"
      x="50"
      y="30"
    />
    <g
      class="grid-lines"
    >
      <line
        stroke="#E5E7EB"
        stroke-dasharray="4,4"
        stroke-width="1"
        x1="50"
        x2="50"
        y1="260"
        y2="260"
      />
      <line
        stroke="#E5E7EB"
        stroke-dasharray="4,4"
        stroke-width="1"
        x1="50"
        x2="50"
        y1="202.5"
        y2="202.5"
      />
      <line
        stroke="#E5E7EB"
        stroke-dasharray="4,4"
        stroke-width="1"
        x1="50"
        x2="50"
        y1="145"
        y2="145"
      />
      <line
        stroke="#E5E7EB"
        stroke-dasharray="4,4"
        stroke-width="1"
        x1="50"
        x2="50"
        y1="87.5"
        y2="87.5"
      />
      <line
        stroke="#E5E7EB"
        stroke-dasharray="4,4"
        stroke-width="1"
        x1="50"
        x2="50"
        y1="30"
        y2="30"
      />
      <line
        stroke="#E5E7EB"
        stroke-dasharray="4,4"
        stroke-width="1"
        x1="50"
        x2="50"
        y1="30"
        y2="260"
      />
      <line
        stroke="#E5E7EB"
        stroke-dasharray="4,4"
        stroke-width="1"
        x1="50"
        x2="50"
        y1="30"
        y2="260"
      />
      <line
        stroke="#E5E7EB"
        stroke-dasharray="4,4"
        stroke-width="1"
        x1="50"
        x2="50"
        y1="30"
        y2="260"
      />
      <line
        stroke="#E5E7EB"
        stroke-dasharray="4,4"
        stroke-width="1"
        x1="50"
        x2="50"
        y1="30"
        y2="260"
      />
      <line
        stroke="#E5E7EB"
        stroke-dasharray="4,4"
        stroke-width="1"
        x1="50"
        x2="50"
        y1="30"
        y2="260"
      />
    </g>
    <g
      class="data-areas"
    >
      <g
        class="series-area"
      >
        <path
          d="M 50 122 L 50 87.5 L 50 145 L 50 30 L 50 53 L 50 260 L 50 260 Z"
          fill="#3B82F6"
          opacity="0.4"
          stroke="#3B82F6"
          stroke-width="2"
        />
        <circle
          cx="50"
          cy="122"
          fill="#FFFFFF"
          r="4"
          stroke="#3B82F6"
          stroke-width="2"
        />
        <circle
          cx="50"
          cy="87.5"
          fill="#FFFFFF"
          r="4"
          stroke="#3B82F6"
          stroke-width="2"
        />
        <circle
          cx="50"
          cy="145"
          fill="#FFFFFF"
          r="4"
          stroke="#3B82F6"
          stroke-width="2"
        />
        <circle
          cx="50"
          cy="30"
          fill="#FFFFFF"
          r="4"
          stroke="#3B82F6"
          stroke-width="2"
        />
        <circle
          cx="50"
          cy="53"
          fill="#FFFFFF"
          r="4"
          stroke="#3B82F6"
          stroke-width="2"
        />
      </g>
    </g>
    <g
      class="x-axis"
    >
      <line
        stroke="#9CA3AF"
        stroke-width="1"
        x1="50"
        x2="50"
        y1="260"
        y2="260"
      />
      <g>
        <line
          stroke="#9CA3AF"
          stroke-width="1"
          x1="50"
          x2="50"
          y1="260"
          y2="265"
        />
        <text
          fill="#4B5563"
          font-size="12"
          text-anchor="middle"
          x="50"
          y="280"
        >
          Apr
        </text>
      </g>
      <g>
        <line
          stroke="#9CA3AF"
          stroke-width="1"
          x1="50"
          x2="50"
          y1="260"
          y2="265"
        />
        <text
          fill="#4B5563"
          font-size="12"
          text-anchor="middle"
          x="50"
          y="280"
        >
          Feb
        </text>
      </g>
      <g>
        <line
          stroke="#9CA3AF"
          stroke-width="1"
          x1="50"
          x2="50"
          y1="260"
          y2="265"
        />
        <text
          fill="#4B5563"
          font-size="12"
          text-anchor="middle"
          x="50"
          y="280"
        >
          Jan
        </text>
      </g>
      <g>
        <line
          stroke="#9CA3AF"
          stroke-width="1"
          x1="50"
          x2="50"
          y1="260"
          y2="265"
        />
        <text
          fill="#4B5563"
          font-size="12"
          text-anchor="middle"
          x="50"
          y="280"
        >
          Mar
        </text>
      </g>
      <g>
        <line
          stroke="#9CA3AF"
          stroke-width="1"
          x1="50"
          x2="50"
          y1="260"
          y2="265"
        />
        <text
          fill="#4B5563"
          font-size="12"
          text-anchor="middle"
          x="50"
          y="280"
        >
          May
        </text>
      </g>
    </g>
    <g
      class="y-axis"
    >
      <line
        stroke="#9CA3AF"
        stroke-width="1"
        x1="50"
        x2="50"
        y1="30"
        y2="260"
      />
      <g>
        <line
          stroke="#9CA3AF"
          stroke-width="1"
          x1="45"
          x2="50"
          y1="260"
          y2="260"
        />
        <text
          dominant-baseline="middle"
          fill="#4B5563"
          font-size="12"
          text-anchor="end"
          x="40"
          y="260"
        >
          0
        </text>
      </g>
      <g>
        <line
          stroke="#9CA3AF"
          stroke-width="1"
          x1="45"
          x2="50"
          y1="202.5"
          y2="202.5"
        />
        <text
          dominant-baseline="middle"
          fill="#4B5563"
          font-size="12"
          text-anchor="end"
          x="40"
          y="202.5"
        >
          50
        </text>
      </g>
      <g>
        <line
          stroke="#9CA3AF"
          stroke-width="1"
          x1="45"
          x2="50"
          y1="145"
          y2="145"
        />
        <text
          dominant-baseline="middle"
          fill="#4B5563"
          font-size="12"
          text-anchor="end"
          x="40"
          y="145"
        >
          100
        </text>
      </g>
      <g>
        <line
          stroke="#9CA3AF"
          stroke-width="1"
          x1="45"
          x2="50"
          y1="87.5"
          y2="87.5"
        />
        <text
          dominant-baseline="middle"
          fill="#4B5563"
          font-size="12"
          text-anchor="end"
          x="40"
          y="87.5"
        >
          150
        </text>
      </g>
      <g>
        <line
          stroke="#9CA3AF"
          stroke-width="1"
          x1="45"
          x2="50"
          y1="30"
          y2="30"
        />
        <text
          dominant-baseline="middle"
          fill="#4B5563"
          font-size="12"
          text-anchor="end"
          x="40"
          y="30"
        >
          200
        </text>
      </g>
    </g>
    <g
      class="chart-legend"
    >
      <g
        transform="translate(60, 10)"
      >
        <g
          transform="translate(0, 0)"
        >
          <rect
            fill="#3B82F6"
            height="12"
            rx="2"
            width="12"
          />
          <text
            dominant-baseline="middle"
            fill="#4B5563"
            font-size="12"
            x="20"
            y="10"
          >
            Test Data
          </text>
        </g>
      </g>
    </g>
  </svg>
</DocumentFragment>
`;
