// Jest Snapshot v1, https://goo.gl/fbAQLP

exports[`PieChart Snapshots renders default chart 1`] = `
<DocumentFragment>
  <div
    class="w-full "
    style="display: flex; flex-direction: column; align-items: center; width: 100%; height: 100%;"
  >
    <div
      style="order: 1;"
    >
      <svg
        class="smolitux-pie-chart "
        height="300"
        preserveAspectRatio="xMidYMid meet"
        role="img"
        viewBox="0 0 100 100"
        width="100%"
      >
        <g>
          <g>
            <path
              class="
                    transition-opacity duration-300
                    opacity-100
                    
                  "
              d="
          M 50 50
          L 50 15
          A 35 35 0 0 1 78.31559480312316 70.57248383023656
          Z
        "
              fill="#3B82F6"
              stroke="white"
              stroke-width="0.5"
            >
              <animate
                attributeName="opacity"
                begin="0s"
                dur="0.8s"
                fill="freeze"
                from="0"
                to="1"
              />
            </path>
          </g>
          <g>
            <path
              class="
                    transition-opacity duration-300
                    opacity-100
                    
                  "
              d="
          M 50 50
          L 78.31559480312316 70.57248383023656
          A 35 35 0 0 1 29.427516169763443 78.31559480312316
          Z
        "
              fill="#10B981"
              stroke="white"
              stroke-width="0.5"
            >
              <animate
                attributeName="opacity"
                begin="0.1s"
                dur="0.8s"
                fill="freeze"
                from="0"
                to="1"
              />
            </path>
          </g>
          <g>
            <path
              class="
                    transition-opacity duration-300
                    opacity-100
                    
                  "
              d="
          M 50 50
          L 29.427516169763443 78.31559480312316
          A 35 35 0 0 1 16.713021929669623 39.184405196876845
          Z
        "
              fill="#F59E0B"
              stroke="white"
              stroke-width="0.5"
            >
              <animate
                attributeName="opacity"
                begin="0.2s"
                dur="0.8s"
                fill="freeze"
                from="0"
                to="1"
              />
            </path>
          </g>
          <g>
            <path
              class="
                    transition-opacity duration-300
                    opacity-100
                    
                  "
              d="
          M 50 50
          L 16.713021929669623 39.184405196876845
          A 35 35 0 0 1 39.18440519687684 16.71302192966963
          Z
        "
              fill="#EF4444"
              stroke="white"
              stroke-width="0.5"
            >
              <animate
                attributeName="opacity"
                begin="0.30000000000000004s"
                dur="0.8s"
                fill="freeze"
                from="0"
                to="1"
              />
            </path>
          </g>
          <g>
            <path
              class="
                    transition-opacity duration-300
                    opacity-100
                    
                  "
              d="
          M 50 50
          L 39.18440519687684 16.71302192966963
          A 35 35 0 0 1 49.99999999999999 15
          Z
        "
              fill="#8B5CF6"
              stroke="white"
              stroke-width="0.5"
            >
              <animate
                attributeName="opacity"
                begin="0.4s"
                dur="0.8s"
                fill="freeze"
                from="0"
                to="1"
              />
            </path>
          </g>
        </g>
      </svg>
    </div>
    <div
      style="display: flex; flex-direction: column; order: 2;"
    >
      <div
        class="mt-4 w-full"
      >
        <div
          class="flex flex-wrap"
        >
          <div
            class="flex items-center mb-1 cursor-pointer "
          >
            <div
              class="w-3 h-3 mr-2 rounded-sm"
              style="background-color: rgb(59, 130, 246);"
            />
            <div
              class="text-xs"
            >
              <span
                class="legend-label font-medium"
              >
                Slice 1
              </span>
              <span
                class="ml-2 text-gray-500 dark:text-gray-400"
              >
                35 (35.0%)
              </span>
            </div>
          </div>
          <div
            class="flex items-center mb-1 cursor-pointer "
          >
            <div
              class="w-3 h-3 mr-2 rounded-sm"
              style="background-color: rgb(16, 185, 129);"
            />
            <div
              class="text-xs"
            >
              <span
                class="legend-label font-medium"
              >
                Slice 2
              </span>
              <span
                class="ml-2 text-gray-500 dark:text-gray-400"
              >
                25 (25.0%)
              </span>
            </div>
          </div>
          <div
            class="flex items-center mb-1 cursor-pointer "
          >
            <div
              class="w-3 h-3 mr-2 rounded-sm"
              style="background-color: rgb(245, 158, 11);"
            />
            <div
              class="text-xs"
            >
              <span
                class="legend-label font-medium"
              >
                Slice 3
              </span>
              <span
                class="ml-2 text-gray-500 dark:text-gray-400"
              >
                20 (20.0%)
              </span>
            </div>
          </div>
          <div
            class="flex items-center mb-1 cursor-pointer "
          >
            <div
              class="w-3 h-3 mr-2 rounded-sm"
              style="background-color: rgb(239, 68, 68);"
            />
            <div
              class="text-xs"
            >
              <span
                class="legend-label font-medium"
              >
                Slice 4
              </span>
              <span
                class="ml-2 text-gray-500 dark:text-gray-400"
              >
                15 (15.0%)
              </span>
            </div>
          </div>
          <div
            class="flex items-center mb-1 cursor-pointer "
          >
            <div
              class="w-3 h-3 mr-2 rounded-sm"
              style="background-color: rgb(139, 92, 246);"
            />
            <div
              class="text-xs"
            >
              <span
                class="legend-label font-medium"
              >
                Slice 5
              </span>
              <span
                class="ml-2 text-gray-500 dark:text-gray-400"
              >
                5 (5.0%)
              </span>
            </div>
          </div>
        </div>
      </div>
    </div>
    <style>
      
        @keyframes fillIn {
          from { opacity: 0; }
          to { opacity: 1; }
        }
      
    </style>
  </div>
</DocumentFragment>
`;
