// Jest Snapshot v1, https://goo.gl/fbAQLP

exports[`Label snapshot 1`] = `
<label
  className="smx-label text-base"
  htmlFor="x"
>
  Name
</label>
`;
