// Jest Snapshot v1, https://goo.gl/fbAQLP

exports[`ScatterPlot Snapshots renders default chart 1`] = `
<DocumentFragment>
  <svg
    class="w-full "
    height="300"
    preserveAspectRatio="xMidYMid meet"
    viewBox="0 0 1000 563"
    width="100%"
  >
    <rect
      fill="#F9FAFB"
      height="230"
      stroke="#E5E7EB"
      stroke-width="1"
      width="100%"
      x="50"
      y="30"
    />
    <g
      class="grid-lines"
    >
      <line
        stroke="#E5E7EB"
        stroke-dasharray="4,4"
        stroke-width="1"
        x1="50"
        x2="NaN"
        y1="260"
        y2="260"
      />
      <line
        stroke="#E5E7EB"
        stroke-dasharray="4,4"
        stroke-width="1"
        x1="50"
        x2="NaN"
        y1="202.5"
        y2="202.5"
      />
      <line
        stroke="#E5E7EB"
        stroke-dasharray="4,4"
        stroke-width="1"
        x1="50"
        x2="NaN"
        y1="145"
        y2="145"
      />
      <line
        stroke="#E5E7EB"
        stroke-dasharray="4,4"
        stroke-width="1"
        x1="50"
        x2="NaN"
        y1="87.5"
        y2="87.5"
      />
      <line
        stroke="#E5E7EB"
        stroke-dasharray="4,4"
        stroke-width="1"
        x1="50"
        x2="NaN"
        y1="30"
        y2="30"
      />
      <line
        stroke="#E5E7EB"
        stroke-dasharray="4,4"
        stroke-width="1"
        x1="NaN"
        x2="NaN"
        y1="30"
        y2="260"
      />
      <line
        stroke="#E5E7EB"
        stroke-dasharray="4,4"
        stroke-width="1"
        x1="NaN"
        x2="NaN"
        y1="30"
        y2="260"
      />
      <line
        stroke="#E5E7EB"
        stroke-dasharray="4,4"
        stroke-width="1"
        x1="NaN"
        x2="NaN"
        y1="30"
        y2="260"
      />
      <line
        stroke="#E5E7EB"
        stroke-dasharray="4,4"
        stroke-width="1"
        x1="NaN"
        x2="NaN"
        y1="30"
        y2="260"
      />
      <line
        stroke="#E5E7EB"
        stroke-dasharray="4,4"
        stroke-width="1"
        x1="NaN"
        x2="NaN"
        y1="30"
        y2="260"
      />
    </g>
    <g
      class="data-points"
    >
      <g
        class="series"
      >
        <circle
          class="transition-opacity animate-fade-in"
          cursor="default"
          cx="NaN"
          cy="207.72727272727272"
          fill="#3B82F6"
          r="2.5"
          stroke="rgba(255,255,255,0.5)"
          stroke-width="1"
          style="opacity: 0; animation: fadeIn 0.5s ease-out forwards;"
        />
        <circle
          class="transition-opacity animate-fade-in"
          cursor="default"
          cx="NaN"
          cy="124.09090909090908"
          fill="#3B82F6"
          r="4"
          stroke="rgba(255,255,255,0.5)"
          stroke-width="1"
          style="opacity: 0; animation: fadeIn 0.5s ease-out forwards;"
        />
        <circle
          class="transition-opacity animate-fade-in"
          cursor="default"
          cx="NaN"
          cy="249.54545454545456"
          fill="#3B82F6"
          r="3"
          stroke="rgba(255,255,255,0.5)"
          stroke-width="1"
          style="opacity: 0; animation: fadeIn 0.5s ease-out forwards;"
        />
        <circle
          class="transition-opacity animate-fade-in"
          cursor="default"
          cx="NaN"
          cy="40.454545454545446"
          fill="#3B82F6"
          r="5"
          stroke="rgba(255,255,255,0.5)"
          stroke-width="1"
          style="opacity: 0; animation: fadeIn 0.5s ease-out forwards;"
        />
        <circle
          class="transition-opacity animate-fade-in"
          cursor="default"
          cx="NaN"
          cy="165.90909090909088"
          fill="#3B82F6"
          r="3.5"
          stroke="rgba(255,255,255,0.5)"
          stroke-width="1"
          style="opacity: 0; animation: fadeIn 0.5s ease-out forwards;"
        />
        <circle
          class="transition-opacity animate-fade-in"
          cursor="default"
          cx="NaN"
          cy="82.27272727272728"
          fill="#3B82F6"
          r="4.5"
          stroke="rgba(255,255,255,0.5)"
          stroke-width="1"
          style="opacity: 0; animation: fadeIn 0.5s ease-out forwards;"
        />
      </g>
    </g>
    <g
      class="x-axis"
    >
      <line
        stroke="#9CA3AF"
        stroke-width="1"
        x1="50"
        x2="NaN"
        y1="260"
        y2="260"
      />
      <g>
        <line
          stroke="#9CA3AF"
          stroke-width="1"
          x1="NaN"
          x2="NaN"
          y1="260"
          y2="265"
        />
        <text
          fill="#4B5563"
          font-size="12"
          text-anchor="middle"
          x="NaN"
          y="280"
        >
          8.75
        </text>
      </g>
      <g>
        <line
          stroke="#9CA3AF"
          stroke-width="1"
          x1="NaN"
          x2="NaN"
          y1="260"
          y2="265"
        />
        <text
          fill="#4B5563"
          font-size="12"
          text-anchor="middle"
          x="NaN"
          y="280"
        >
          15.625
        </text>
      </g>
      <g>
        <line
          stroke="#9CA3AF"
          stroke-width="1"
          x1="NaN"
          x2="NaN"
          y1="260"
          y2="265"
        />
        <text
          fill="#4B5563"
          font-size="12"
          text-anchor="middle"
          x="NaN"
          y="280"
        >
          22.5
        </text>
      </g>
      <g>
        <line
          stroke="#9CA3AF"
          stroke-width="1"
          x1="NaN"
          x2="NaN"
          y1="260"
          y2="265"
        />
        <text
          fill="#4B5563"
          font-size="12"
          text-anchor="middle"
          x="NaN"
          y="280"
        >
          29.375
        </text>
      </g>
      <g>
        <line
          stroke="#9CA3AF"
          stroke-width="1"
          x1="NaN"
          x2="NaN"
          y1="260"
          y2="265"
        />
        <text
          fill="#4B5563"
          font-size="12"
          text-anchor="middle"
          x="NaN"
          y="280"
        >
          36.25
        </text>
      </g>
    </g>
    <g
      class="y-axis"
    >
      <line
        stroke="#9CA3AF"
        stroke-width="1"
        x1="50"
        x2="50"
        y1="30"
        y2="260"
      />
      <g>
        <line
          stroke="#9CA3AF"
          stroke-width="1"
          x1="45"
          x2="50"
          y1="260"
          y2="260"
        />
        <text
          dominant-baseline="middle"
          fill="#4B5563"
          font-size="12"
          text-anchor="end"
          x="40"
          y="260"
        >
          13.75
        </text>
      </g>
      <g>
        <line
          stroke="#9CA3AF"
          stroke-width="1"
          x1="45"
          x2="50"
          y1="202.5"
          y2="202.5"
        />
        <text
          dominant-baseline="middle"
          fill="#4B5563"
          font-size="12"
          text-anchor="end"
          x="40"
          y="202.5"
        >
          20.625
        </text>
      </g>
      <g>
        <line
          stroke="#9CA3AF"
          stroke-width="1"
          x1="45"
          x2="50"
          y1="145"
          y2="145"
        />
        <text
          dominant-baseline="middle"
          fill="#4B5563"
          font-size="12"
          text-anchor="end"
          x="40"
          y="145"
        >
          27.5
        </text>
      </g>
      <g>
        <line
          stroke="#9CA3AF"
          stroke-width="1"
          x1="45"
          x2="50"
          y1="87.5"
          y2="87.5"
        />
        <text
          dominant-baseline="middle"
          fill="#4B5563"
          font-size="12"
          text-anchor="end"
          x="40"
          y="87.5"
        >
          34.375
        </text>
      </g>
      <g>
        <line
          stroke="#9CA3AF"
          stroke-width="1"
          x1="45"
          x2="50"
          y1="30"
          y2="30"
        />
        <text
          dominant-baseline="middle"
          fill="#4B5563"
          font-size="12"
          text-anchor="end"
          x="40"
          y="30"
        >
          41.25
        </text>
      </g>
    </g>
  </svg>
</DocumentFragment>
`;
