// Jest Snapshot v1, https://goo.gl/fbAQLP

exports[`LineChart Snapshots renders default chart 1`] = `
<DocumentFragment>
  <svg
    class="w-full smolitux-line-chart"
    height="300"
    preserveAspectRatio="xMidYMid meet"
    viewBox="0 0 1000 563"
    width="100%"
  >
    <rect
      fill="#F9FAFB"
      height="230"
      stroke="#E5E7EB"
      stroke-width="1"
      width="0"
      x="50"
      y="30"
    />
    <g
      class="grid-lines"
    >
      <line
        stroke="#E5E7EB"
        stroke-dasharray="4,4"
        stroke-width="1"
        x1="50"
        x2="50"
        y1="260"
        y2="260"
      />
      <line
        stroke="#E5E7EB"
        stroke-dasharray="4,4"
        stroke-width="1"
        x1="50"
        x2="50"
        y1="202.5"
        y2="202.5"
      />
      <line
        stroke="#E5E7EB"
        stroke-dasharray="4,4"
        stroke-width="1"
        x1="50"
        x2="50"
        y1="145"
        y2="145"
      />
      <line
        stroke="#E5E7EB"
        stroke-dasharray="4,4"
        stroke-width="1"
        x1="50"
        x2="50"
        y1="87.5"
        y2="87.5"
      />
      <line
        stroke="#E5E7EB"
        stroke-dasharray="4,4"
        stroke-width="1"
        x1="50"
        x2="50"
        y1="30"
        y2="30"
      />
      <line
        stroke="#E5E7EB"
        stroke-dasharray="4,4"
        stroke-width="1"
        x1="50"
        x2="50"
        y1="30"
        y2="260"
      />
      <line
        stroke="#E5E7EB"
        stroke-dasharray="4,4"
        stroke-width="1"
        x1="50"
        x2="50"
        y1="30"
        y2="260"
      />
      <line
        stroke="#E5E7EB"
        stroke-dasharray="4,4"
        stroke-width="1"
        x1="50"
        x2="50"
        y1="30"
        y2="260"
      />
      <line
        stroke="#E5E7EB"
        stroke-dasharray="4,4"
        stroke-width="1"
        x1="50"
        x2="50"
        y1="30"
        y2="260"
      />
      <line
        stroke="#E5E7EB"
        stroke-dasharray="4,4"
        stroke-width="1"
        x1="50"
        x2="50"
        y1="30"
        y2="260"
      />
      <line
        stroke="#E5E7EB"
        stroke-dasharray="4,4"
        stroke-width="1"
        x1="50"
        x2="50"
        y1="30"
        y2="260"
      />
    </g>
    <g
      class="data-lines"
    >
      <g
        class="data-series"
      >
        <path
          class="line animate-draw"
          d="M 50 145 L 50 237 L 50 260 L 50 30 L 50 179.5 L 50 87.5"
          fill="none"
          stroke="#3B82F6"
          stroke-dasharray="none"
          stroke-linecap="round"
          stroke-linejoin="round"
          stroke-width="2"
          style="stroke-dasharray: 1000; stroke-dashoffset: 1000; animation: draw 1.5s ease-in-out forwards;"
        />
        <circle
          class="data-point animate-fade-in"
          cx="50"
          cy="145"
          fill="#FFFFFF"
          r="4"
          stroke="#3B82F6"
          stroke-width="2"
          style="opacity: 0; animation: fadeIn 0.3s ease-in-out forwards 1.5s;"
        />
        <circle
          class="data-point animate-fade-in"
          cx="50"
          cy="237"
          fill="#FFFFFF"
          r="4"
          stroke="#3B82F6"
          stroke-width="2"
          style="opacity: 0; animation: fadeIn 0.3s ease-in-out forwards 1.5s;"
        />
        <circle
          class="data-point animate-fade-in"
          cx="50"
          cy="260"
          fill="#FFFFFF"
          r="4"
          stroke="#3B82F6"
          stroke-width="2"
          style="opacity: 0; animation: fadeIn 0.3s ease-in-out forwards 1.5s;"
        />
        <circle
          class="data-point animate-fade-in"
          cx="50"
          cy="30"
          fill="#FFFFFF"
          r="4"
          stroke="#3B82F6"
          stroke-width="2"
          style="opacity: 0; animation: fadeIn 0.3s ease-in-out forwards 1.5s;"
        />
        <circle
          class="data-point animate-fade-in"
          cx="50"
          cy="179.5"
          fill="#FFFFFF"
          r="4"
          stroke="#3B82F6"
          stroke-width="2"
          style="opacity: 0; animation: fadeIn 0.3s ease-in-out forwards 1.5s;"
        />
        <circle
          class="data-point animate-fade-in"
          cx="50"
          cy="87.5"
          fill="#FFFFFF"
          r="4"
          stroke="#3B82F6"
          stroke-width="2"
          style="opacity: 0; animation: fadeIn 0.3s ease-in-out forwards 1.5s;"
        />
      </g>
    </g>
    <g
      class="y-axis"
    >
      <line
        stroke="#9CA3AF"
        stroke-width="1"
        x1="50"
        x2="50"
        y1="30"
        y2="260"
      />
      <g>
        <line
          stroke="#9CA3AF"
          stroke-width="1"
          x1="45"
          x2="50"
          y1="260"
          y2="260"
        />
        <text
          dominant-baseline="middle"
          fill="#4B5563"
          font-size="12"
          text-anchor="end"
          x="40"
          y="260"
        >
          5
        </text>
      </g>
      <g>
        <line
          stroke="#9CA3AF"
          stroke-width="1"
          x1="45"
          x2="50"
          y1="202.5"
          y2="202.5"
        />
        <text
          dominant-baseline="middle"
          fill="#4B5563"
          font-size="12"
          text-anchor="end"
          x="40"
          y="202.5"
        >
          10
        </text>
      </g>
      <g>
        <line
          stroke="#9CA3AF"
          stroke-width="1"
          x1="45"
          x2="50"
          y1="145"
          y2="145"
        />
        <text
          dominant-baseline="middle"
          fill="#4B5563"
          font-size="12"
          text-anchor="end"
          x="40"
          y="145"
        >
          15
        </text>
      </g>
      <g>
        <line
          stroke="#9CA3AF"
          stroke-width="1"
          x1="45"
          x2="50"
          y1="87.5"
          y2="87.5"
        />
        <text
          dominant-baseline="middle"
          fill="#4B5563"
          font-size="12"
          text-anchor="end"
          x="40"
          y="87.5"
        >
          20
        </text>
      </g>
      <g>
        <line
          stroke="#9CA3AF"
          stroke-width="1"
          x1="45"
          x2="50"
          y1="30"
          y2="30"
        />
        <text
          dominant-baseline="middle"
          fill="#4B5563"
          font-size="12"
          text-anchor="end"
          x="40"
          y="30"
        >
          25
        </text>
      </g>
    </g>
    <g
      class="x-axis"
    >
      <line
        stroke="#9CA3AF"
        stroke-width="1"
        x1="50"
        x2="50"
        y1="260"
        y2="260"
      />
      <g>
        <line
          stroke="#9CA3AF"
          stroke-width="1"
          x1="50"
          x2="50"
          y1="260"
          y2="265"
        />
        <text
          fill="#4B5563"
          font-size="12"
          text-anchor="middle"
          x="50"
          y="280"
        >
          Apr
        </text>
      </g>
      <g>
        <line
          stroke="#9CA3AF"
          stroke-width="1"
          x1="50"
          x2="50"
          y1="260"
          y2="265"
        />
        <text
          fill="#4B5563"
          font-size="12"
          text-anchor="middle"
          x="50"
          y="280"
        >
          Feb
        </text>
      </g>
      <g>
        <line
          stroke="#9CA3AF"
          stroke-width="1"
          x1="50"
          x2="50"
          y1="260"
          y2="265"
        />
        <text
          fill="#4B5563"
          font-size="12"
          text-anchor="middle"
          x="50"
          y="280"
        >
          Jan
        </text>
      </g>
      <g>
        <line
          stroke="#9CA3AF"
          stroke-width="1"
          x1="50"
          x2="50"
          y1="260"
          y2="265"
        />
        <text
          fill="#4B5563"
          font-size="12"
          text-anchor="middle"
          x="50"
          y="280"
        >
          Jun
        </text>
      </g>
      <g>
        <line
          stroke="#9CA3AF"
          stroke-width="1"
          x1="50"
          x2="50"
          y1="260"
          y2="265"
        />
        <text
          fill="#4B5563"
          font-size="12"
          text-anchor="middle"
          x="50"
          y="280"
        >
          Mar
        </text>
      </g>
      <g>
        <line
          stroke="#9CA3AF"
          stroke-width="1"
          x1="50"
          x2="50"
          y1="260"
          y2="265"
        />
        <text
          fill="#4B5563"
          font-size="12"
          text-anchor="middle"
          x="50"
          y="280"
        >
          May
        </text>
      </g>
    </g>
    <g
      class="chart-legend"
    >
      <g
        transform="translate(60, 10)"
      >
        <g
          transform="translate(0, 0)"
        >
          <rect
            fill="#3B82F6"
            height="12"
            rx="2"
            width="12"
          />
          <text
            dominant-baseline="middle"
            fill="#4B5563"
            font-size="12"
            x="20"
            y="10"
          >
            Temperature
          </text>
        </g>
      </g>
    </g>
    <defs>
      <style>
        
            @keyframes draw {
              to {
                stroke-dashoffset: 0;
              }
            }
            
            @keyframes fadeIn {
              to {
                opacity: 1;
              }
            }
          
      </style>
    </defs>
  </svg>
</DocumentFragment>
`;
