// Jest Snapshot v1, https://goo.gl/fbAQLP

exports[`Input snapshot 1`] = `
<input
  autoFocus={false}
  className="smx-input border rounded px-3 py-2 text-gray-900 placeholder-gray-500 focus:outline-none focus:ring-2 focus:ring-primary-500"
  disabled={false}
  onChange={[Function]}
  placeholder="x"
  readOnly={false}
  required={false}
  type="text"
  value=""
/>
`;
