// Jest Snapshot v1, https://goo.gl/fbAQLP

exports[`Heatmap Snapshots renders default chart 1`] = `
<DocumentFragment>
  <svg
    class="w-full "
    height="400"
    preserveAspectRatio="xMidYMid meet"
    viewBox="0 0 1000 1000"
    width="100%"
  >
    <g
      class="x-axis-label"
    >
      <text
        dominant-baseline="hanging"
        fill="#4B5563"
        font-size="12"
        text-anchor="middle"
        x="80"
        y="182"
      >
        A
      </text>
    </g>
    <g
      class="x-axis-label"
    >
      <text
        dominant-baseline="hanging"
        fill="#4B5563"
        font-size="12"
        text-anchor="middle"
        x="121"
        y="182"
      >
        B
      </text>
    </g>
    <g
      class="x-axis-label"
    >
      <text
        dominant-baseline="hanging"
        fill="#4B5563"
        font-size="12"
        text-anchor="middle"
        x="162"
        y="182"
      >
        C
      </text>
    </g>
    <g
      class="y-axis-label"
    >
      <text
        dominant-baseline="middle"
        fill="#4B5563"
        font-size="12"
        text-anchor="end"
        x="50"
        y="60"
      >
        1
      </text>
    </g>
    <g
      class="y-axis-label"
    >
      <text
        dominant-baseline="middle"
        fill="#4B5563"
        font-size="12"
        text-anchor="end"
        x="50"
        y="101"
      >
        2
      </text>
    </g>
    <g
      class="y-axis-label"
    >
      <text
        dominant-baseline="middle"
        fill="#4B5563"
        font-size="12"
        text-anchor="end"
        x="50"
        y="142"
      >
        3
      </text>
    </g>
    <g
      class="heatmap-cells"
    >
      <g
        class="heatmap-cell"
      >
        <rect
          class="animate-fade-in"
          cursor="default"
          fill="#f7fbff"
          height="40"
          stroke="rgba(0,0,0,0.1)"
          stroke-width="1"
          style="opacity: 0; animation: fadeIn 0.3s ease-out forwards 0s;"
          width="40"
          x="60"
          y="40"
        />
      </g>
      <g
        class="heatmap-cell"
      >
        <rect
          class="animate-fade-in"
          cursor="default"
          fill="#9dafc8"
          height="40"
          stroke="rgba(0,0,0,0.1)"
          stroke-width="1"
          style="opacity: 0; animation: fadeIn 0.3s ease-out forwards 0.005s;"
          width="40"
          x="101"
          y="40"
        />
      </g>
      <g
        class="heatmap-cell"
      >
        <rect
          class="animate-fade-in"
          cursor="default"
          fill="#446390"
          height="40"
          stroke="rgba(0,0,0,0.1)"
          stroke-width="1"
          style="opacity: 0; animation: fadeIn 0.3s ease-out forwards 0.01s;"
          width="40"
          x="142"
          y="40"
        />
      </g>
      <g
        class="heatmap-cell"
      >
        <rect
          class="animate-fade-in"
          cursor="default"
          fill="#d9e2ed"
          height="40"
          stroke="rgba(0,0,0,0.1)"
          stroke-width="1"
          style="opacity: 0; animation: fadeIn 0.3s ease-out forwards 0.015s;"
          width="40"
          x="60"
          y="81"
        />
      </g>
      <g
        class="heatmap-cell"
      >
        <rect
          class="animate-fade-in"
          cursor="default"
          fill="#8096b5"
          height="40"
          stroke="rgba(0,0,0,0.1)"
          stroke-width="1"
          style="opacity: 0; animation: fadeIn 0.3s ease-out forwards 0.02s;"
          width="40"
          x="101"
          y="81"
        />
      </g>
      <g
        class="heatmap-cell"
      >
        <rect
          class="animate-fade-in"
          cursor="default"
          fill="#26497e"
          height="40"
          stroke="rgba(0,0,0,0.1)"
          stroke-width="1"
          style="opacity: 0; animation: fadeIn 0.3s ease-out forwards 0.025s;"
          width="40"
          x="142"
          y="81"
        />
      </g>
      <g
        class="heatmap-cell"
      >
        <rect
          class="animate-fade-in"
          cursor="default"
          fill="#bbc8da"
          height="40"
          stroke="rgba(0,0,0,0.1)"
          stroke-width="1"
          style="opacity: 0; animation: fadeIn 0.3s ease-out forwards 0.03s;"
          width="40"
          x="60"
          y="122"
        />
      </g>
      <g
        class="heatmap-cell"
      >
        <rect
          class="animate-fade-in"
          cursor="default"
          fill="#627ca3"
          height="40"
          stroke="rgba(0,0,0,0.1)"
          stroke-width="1"
          style="opacity: 0; animation: fadeIn 0.3s ease-out forwards 0.035s;"
          width="40"
          x="101"
          y="122"
        />
      </g>
      <g
        class="heatmap-cell"
      >
        <rect
          class="animate-fade-in"
          cursor="default"
          fill="#08306b"
          height="40"
          stroke="rgba(0,0,0,0.1)"
          stroke-width="1"
          style="opacity: 0; animation: fadeIn 0.3s ease-out forwards 0.04s;"
          width="40"
          x="142"
          y="122"
        />
      </g>
    </g>
    <g
      class="heatmap-legend"
      transform="translate(46, 182)"
    >
      <text
        dominant-baseline="middle"
        fill="#4B5563"
        font-size="12"
        text-anchor="start"
        x="0"
        y="0"
      >
        10
      </text>
      <rect
        fill="#f7fbff"
        height="10"
        width="22.5"
        x="30"
        y="-5"
      />
      <rect
        fill="#bbc8da"
        height="10"
        width="22.5"
        x="52.5"
        y="-5"
      />
      <rect
        fill="#8096b5"
        height="10"
        width="22.5"
        x="75"
        y="-5"
      />
      <rect
        fill="#446390"
        height="10"
        width="22.5"
        x="97.5"
        y="-5"
      />
      <rect
        fill="#08306b"
        height="10"
        width="22.5"
        x="120"
        y="-5"
      />
      <text
        dominant-baseline="middle"
        fill="#4B5563"
        font-size="12"
        text-anchor="end"
        x="150"
        y="0"
      >
        90
      </text>
    </g>
    <defs>
      <style>
        
            @keyframes fadeIn {
              to {
                opacity: 1;
              }
            }
          
      </style>
    </defs>
  </svg>
</DocumentFragment>
`;
