// Jest Snapshot v1, https://goo.gl/fbAQLP

exports[`BarChart Snapshots renders default chart 1`] = `
<DocumentFragment>
  <svg
    class="w-full "
    height="300"
    preserveAspectRatio="xMidYMid meet"
    role="img"
    viewBox="0 0 1000 563"
    width="100%"
  >
    <rect
      fill="#F9FAFB"
      height="230"
      stroke="#E5E7EB"
      stroke-width="1"
      width="100%"
      x="50"
      y="30"
    />
    <g
      class="grid-lines"
    >
      <line
        stroke="#E5E7EB"
        stroke-dasharray="4,4"
        stroke-width="1"
        x1="50"
        x2="NaN"
        y1="260"
        y2="260"
      />
      <line
        stroke="#E5E7EB"
        stroke-dasharray="4,4"
        stroke-width="1"
        x1="50"
        x2="NaN"
        y1="202.5"
        y2="202.5"
      />
      <line
        stroke="#E5E7EB"
        stroke-dasharray="4,4"
        stroke-width="1"
        x1="50"
        x2="NaN"
        y1="145"
        y2="145"
      />
      <line
        stroke="#E5E7EB"
        stroke-dasharray="4,4"
        stroke-width="1"
        x1="50"
        x2="NaN"
        y1="87.5"
        y2="87.5"
      />
      <line
        stroke="#E5E7EB"
        stroke-dasharray="4,4"
        stroke-width="1"
        x1="50"
        x2="NaN"
        y1="30"
        y2="30"
      />
    </g>
    <g>
      <g>
        <g>
          <rect
            class="animate-rise"
            fill="#3B82F6"
            height="125.45454545454544"
            rx="2"
            stroke="rgba(255,255,255,0.5)"
            stroke-width="1"
            style="transform-origin: bottom; transform: scaleY(0); animation: growUp 0.5s ease-out forwards 0s;"
            width="0"
            x="NaN"
            y="134.54545454545456"
          />
        </g>
      </g>
      <g>
        <g>
          <rect
            class="animate-rise"
            fill="#3B82F6"
            height="192.36363636363635"
            rx="2"
            stroke="rgba(255,255,255,0.5)"
            stroke-width="1"
            style="transform-origin: bottom; transform: scaleY(0); animation: growUp 0.5s ease-out forwards 0s;"
            width="0"
            x="NaN"
            y="67.63636363636365"
          />
        </g>
      </g>
      <g>
        <g>
          <rect
            class="animate-rise"
            fill="#3B82F6"
            height="150.54545454545453"
            rx="2"
            stroke="rgba(255,255,255,0.5)"
            stroke-width="1"
            style="transform-origin: bottom; transform: scaleY(0); animation: growUp 0.5s ease-out forwards 0s;"
            width="0"
            x="NaN"
            y="109.45454545454547"
          />
        </g>
      </g>
      <g>
        <g>
          <rect
            class="animate-rise"
            fill="#3B82F6"
            height="230"
            rx="2"
            stroke="rgba(255,255,255,0.5)"
            stroke-width="1"
            style="transform-origin: bottom; transform: scaleY(0); animation: growUp 0.5s ease-out forwards 0s;"
            width="0"
            x="NaN"
            y="30"
          />
        </g>
      </g>
    </g>
    <g
      class="x-axis"
    >
      <line
        stroke="#9CA3AF"
        stroke-width="1"
        x1="50"
        x2="NaN"
        y1="260"
        y2="260"
      />
      <text
        fill="#4B5563"
        font-size="12"
        text-anchor="middle"
        x="NaN"
        y="280"
      >
        Q1
      </text>
      <text
        fill="#4B5563"
        font-size="12"
        text-anchor="middle"
        x="NaN"
        y="280"
      >
        Q2
      </text>
      <text
        fill="#4B5563"
        font-size="12"
        text-anchor="middle"
        x="NaN"
        y="280"
      >
        Q3
      </text>
      <text
        fill="#4B5563"
        font-size="12"
        text-anchor="middle"
        x="NaN"
        y="280"
      >
        Q4
      </text>
    </g>
    <g
      class="y-axis"
    >
      <line
        stroke="#9CA3AF"
        stroke-width="1"
        x1="50"
        x2="50"
        y1="30"
        y2="260"
      />
      <g>
        <line
          stroke="#9CA3AF"
          stroke-width="1"
          x1="45"
          x2="50"
          y1="260"
          y2="260"
        />
        <text
          dominant-baseline="middle"
          fill="#4B5563"
          font-size="12"
          text-anchor="end"
          x="40"
          y="260"
        >
          0
        </text>
      </g>
      <g>
        <line
          stroke="#9CA3AF"
          stroke-width="1"
          x1="45"
          x2="50"
          y1="202.5"
          y2="202.5"
        />
        <text
          dominant-baseline="middle"
          fill="#4B5563"
          font-size="12"
          text-anchor="end"
          x="40"
          y="202.5"
        >
          68.75
        </text>
      </g>
      <g>
        <line
          stroke="#9CA3AF"
          stroke-width="1"
          x1="45"
          x2="50"
          y1="145"
          y2="145"
        />
        <text
          dominant-baseline="middle"
          fill="#4B5563"
          font-size="12"
          text-anchor="end"
          x="40"
          y="145"
        >
          137.5
        </text>
      </g>
      <g>
        <line
          stroke="#9CA3AF"
          stroke-width="1"
          x1="45"
          x2="50"
          y1="87.5"
          y2="87.5"
        />
        <text
          dominant-baseline="middle"
          fill="#4B5563"
          font-size="12"
          text-anchor="end"
          x="40"
          y="87.5"
        >
          206.25
        </text>
      </g>
      <g>
        <line
          stroke="#9CA3AF"
          stroke-width="1"
          x1="45"
          x2="50"
          y1="30"
          y2="30"
        />
        <text
          dominant-baseline="middle"
          fill="#4B5563"
          font-size="12"
          text-anchor="end"
          x="40"
          y="30"
        >
          275
        </text>
      </g>
    </g>
    <defs>
      <style>
        
            @keyframes growUp {
              to {
                transform: scaleY(1);
              }
            }
            
            @keyframes growRight {
              to {
                transform: scaleX(1);
              }
            }
            
            @keyframes fadeIn {
              to {
                opacity: 1;
              }
            }
          
      </style>
    </defs>
  </svg>
</DocumentFragment>
`;
